
> template-2@0.1.0 build
> next build

  ▲ Next.js 14.2.7
  - Environments: .env.local

   Creating an optimized production build ...
 ✓ Compiled successfully
   Linting and checking validity of types ...

./src/app/components/PaymentTab.tsx
81:6  Warning: React Hook useEffect has missing dependencies: 'onDefaultChange' and 'onPaymentUpdate'. Either include them or remove the dependency array. If 'onPaymentUpdate' changes too often, find the parent component that defines it and wrap that definition in useCallback.  react-hooks/exhaustive-deps

./src/app/components/Sidebar.tsx
80:15  Warning: Using `<img>` could result in slower LCP and higher bandwidth. Consider using `<Image />` from `next/image` to automatically optimize images. This may incur additional usage or cost from your provider. See: https://nextjs.org/docs/messages/no-img-element  @next/next/no-img-element
135:17  Warning: Using `<img>` could result in slower LCP and higher bandwidth. Consider using `<Image />` from `next/image` to automatically optimize images. This may incur additional usage or cost from your provider. See: https://nextjs.org/docs/messages/no-img-element  @next/next/no-img-element

./src/app/components/landing/LogoSection.tsx
5:9  Warning: Using `<img>` could result in slower LCP and higher bandwidth. Consider using `<Image />` from `next/image` to automatically optimize images. This may incur additional usage or cost from your provider. See: https://nextjs.org/docs/messages/no-img-element  @next/next/no-img-element
13:9  Warning: Using `<img>` could result in slower LCP and higher bandwidth. Consider using `<Image />` from `next/image` to automatically optimize images. This may incur additional usage or cost from your provider. See: https://nextjs.org/docs/messages/no-img-element  @next/next/no-img-element

./src/app/cotizacion-estructurada/[tipo]/page.tsx
210:6  Warning: React Hook useEffect has a missing dependency: 'servicios.length'. Either include it or remove the dependency array.  react-hooks/exhaustive-deps

./src/app/cotizacion-express/components/SlateEditor.tsx
1706:6  Warning: React Hook useEffect has missing dependencies: 'editorValue' and 'getInitialValue'. Either include them or remove the dependency array.  react-hooks/exhaustive-deps

./src/app/head.tsx
6:7  Warning: Custom fonts not added in `pages/_document.js` will only load for a single page. This is discouraged. See: https://nextjs.org/docs/messages/no-page-custom-font  @next/next/no-page-custom-font

./src/app/page.tsx
204:6  Warning: React Hook useEffect has a missing dependency: 'user.email'. Either include it or remove the dependency array.  react-hooks/exhaustive-deps
319:15  Warning: The attribute aria-selected is not supported by the role button. This role is implicit on the element button.  jsx-a11y/role-supports-aria-props

./src/app/settings/profile/page.tsx
205:6  Warning: React Hook useEffect has a missing dependency: 'user.email'. Either include it or remove the dependency array.  react-hooks/exhaustive-deps
320:15  Warning: The attribute aria-selected is not supported by the role button. This role is implicit on the element button.  jsx-a11y/role-supports-aria-props

./src/components/SignInModal.tsx
78:21  Warning: Using `<img>` could result in slower LCP and higher bandwidth. Consider using `<Image />` from `next/image` to automatically optimize images. This may incur additional usage or cost from your provider. See: https://nextjs.org/docs/messages/no-img-element  @next/next/no-img-element

./src/lib/contexts/landingPage.tsx
73:25  Warning: Using `<img>` could result in slower LCP and higher bandwidth. Consider using `<Image />` from `next/image` to automatically optimize images. This may incur additional usage or cost from your provider. See: https://nextjs.org/docs/messages/no-img-element  @next/next/no-img-element
81:27  Warning: Using `<img>` could result in slower LCP and higher bandwidth. Consider using `<Image />` from `next/image` to automatically optimize images. This may incur additional usage or cost from your provider. See: https://nextjs.org/docs/messages/no-img-element  @next/next/no-img-element
103:25  Warning: Using `<img>` could result in slower LCP and higher bandwidth. Consider using `<Image />` from `next/image` to automatically optimize images. This may incur additional usage or cost from your provider. See: https://nextjs.org/docs/messages/no-img-element  @next/next/no-img-element
112:29  Warning: Using `<img>` could result in slower LCP and higher bandwidth. Consider using `<Image />` from `next/image` to automatically optimize images. This may incur additional usage or cost from your provider. See: https://nextjs.org/docs/messages/no-img-element  @next/next/no-img-element
140:27  Warning: Using `<img>` could result in slower LCP and higher bandwidth. Consider using `<Image />` from `next/image` to automatically optimize images. This may incur additional usage or cost from your provider. See: https://nextjs.org/docs/messages/no-img-element  @next/next/no-img-element

info  - Need to disable some ESLint rules? Learn more here: https://nextjs.org/docs/basic-features/eslint#disabling-rules
Failed to compile.

Type error: File '/Users/aldoricardorodriguezcortes/Desktop/Legal-quote-2026/.next/types/app/api/ai/generate-contact-text/route.ts' not found.
  The file is in the program because:
    Root file specified for compilation

